// Jest Snapshot v1, https://goo.gl/fbAQLP

exports[`<Filter /> renders correctly 1`] = `
ShallowWrapper {
  "complexSelector": ComplexSelector {
    "buildPredicate": [Function],
    "childrenOfNode": [Function],
    "findWhereUnwrapped": [Function],
  },
  "length": 1,
  "node": <div
    className="Filter"
  >
    <div
      className="Filter-Introduction"
    >
      Fill in a name, zipcode, address or city to find your brewery:
    </div>
    <input
      className="Filter-Input"
      onChange={null}
      placeholder="Type here.."
      type="text"
    />
  </div>,
  "nodes": Array [
    <div
      className="Filter"
    >
      <div
        className="Filter-Introduction"
      >
        Fill in a name, zipcode, address or city to find your brewery:
      </div>
      <input
        className="Filter-Input"
        onChange={null}
        placeholder="Type here.."
        type="text"
      />
    </div>,
  ],
  "options": Object {},
  "renderer": ReactShallowRenderer {
    "_instance": ShallowComponentWrapper {
      "_calledComponentWillUnmount": false,
      "_compositeType": 0,
      "_context": Object {},
      "_currentElement": <Filter
        onChange={null}
      />,
      "_debugID": 1,
      "_hostContainerInfo": null,
      "_hostParent": null,
      "_instance": Filter {
        "_reactInternalInstance": [Circular],
        "clearInput": [Function],
        "context": Object {},
        "props": Object {
          "onChange": null,
        },
        "refs": Object {},
        "state": null,
        "updater": Object {
          "enqueueCallback": [Function],
          "enqueueCallbackInternal": [Function],
          "enqueueElementInternal": [Function],
          "enqueueForceUpdate": [Function],
          "enqueueReplaceState": [Function],
          "enqueueSetState": [Function],
          "isMounted": [Function],
          "validateCallback": [Function],
        },
      },
      "_mountOrder": 1,
      "_pendingCallbacks": null,
      "_pendingElement": null,
      "_pendingForceUpdate": false,
      "_pendingReplaceState": false,
      "_pendingStateQueue": null,
      "_renderedComponent": NoopInternalComponent {
        "_currentElement": <div
          className="Filter"
        >
          <div
            className="Filter-Introduction"
          >
            Fill in a name, zipcode, address or city to find your brewery:
          </div>
          <input
            className="Filter-Input"
            onChange={null}
            placeholder="Type here.."
            type="text"
          />
        </div>,
        "_debugID": 2,
        "_renderedOutput": <div
          className="Filter"
        >
          <div
            className="Filter-Introduction"
          >
            Fill in a name, zipcode, address or city to find your brewery:
          </div>
          <input
            className="Filter-Input"
            onChange={null}
            placeholder="Type here.."
            type="text"
          />
        </div>,
      },
      "_renderedNodeType": 0,
      "_rootNodeID": 0,
      "_topLevelWrapper": null,
      "_updateBatchNumber": null,
      "_warnedAboutRefsInRender": false,
    },
    "getRenderOutput": [Function],
    "render": [Function],
  },
  "root": [Circular],
  "unrendered": <Filter
    onChange={null}
  />,
}
`;
