// Jest Snapshot v1, https://goo.gl/fbAQLP

exports[`<Maps /> renders correctly 1`] = `
ShallowWrapper {
  "complexSelector": ComplexSelector {
    "buildPredicate": [Function],
    "childrenOfNode": [Function],
    "findWhereUnwrapped": [Function],
  },
  "length": 1,
  "node": <div
    className="Map"
    id="map"
  />,
  "nodes": Array [
    <div
      className="Map"
      id="map"
    />,
  ],
  "options": Object {},
  "renderer": ReactShallowRenderer {
    "_instance": ShallowComponentWrapper {
      "_calledComponentWillUnmount": false,
      "_compositeType": 0,
      "_context": Object {},
      "_currentElement": <Maps
        addresses={
          Array [
            Object {
              "address": "Achterweg 22",
              "city": "Limmen",
              "name": "Brouwerij Dampegheest",
              "open": Array [
                "Friday",
                "Saturday",
                "Sunday",
              ],
              "zipcode": "1906 AG",
            },
            Object {
              "address": "Weverij 5",
              "city": "Amstelveen",
              "name": "de naeckte brouwers",
              "open": Array [
                "Wednesday",
              ],
              "zipcode": "1185 ZE",
            },
          ]
        }
        lat={52.0552809}
        lng={4}
        ltn={52}
        zoom={7}
      />,
      "_debugID": 1,
      "_hostContainerInfo": null,
      "_hostParent": null,
      "_instance": Maps {
        "_reactInternalInstance": [Circular],
        "context": Object {},
        "markers": Array [],
        "props": Object {
          "addresses": Array [
            Object {
              "address": "Achterweg 22",
              "city": "Limmen",
              "name": "Brouwerij Dampegheest",
              "open": Array [
                "Friday",
                "Saturday",
                "Sunday",
              ],
              "zipcode": "1906 AG",
            },
            Object {
              "address": "Weverij 5",
              "city": "Amstelveen",
              "name": "de naeckte brouwers",
              "open": Array [
                "Wednesday",
              ],
              "zipcode": "1185 ZE",
            },
          ],
          "lat": 52.0552809,
          "lng": 4,
          "ltn": 52,
          "zoom": 7,
        },
        "refs": Object {},
        "state": null,
        "updater": Object {
          "enqueueCallback": [Function],
          "enqueueCallbackInternal": [Function],
          "enqueueElementInternal": [Function],
          "enqueueForceUpdate": [Function],
          "enqueueReplaceState": [Function],
          "enqueueSetState": [Function],
          "isMounted": [Function],
          "validateCallback": [Function],
        },
      },
      "_mountOrder": 1,
      "_pendingCallbacks": null,
      "_pendingElement": null,
      "_pendingForceUpdate": false,
      "_pendingReplaceState": false,
      "_pendingStateQueue": null,
      "_renderedComponent": NoopInternalComponent {
        "_currentElement": <div
          className="Map"
          id="map"
        />,
        "_debugID": 2,
        "_renderedOutput": <div
          className="Map"
          id="map"
        />,
      },
      "_renderedNodeType": 0,
      "_rootNodeID": 0,
      "_topLevelWrapper": null,
      "_updateBatchNumber": null,
      "_warnedAboutRefsInRender": false,
    },
    "getRenderOutput": [Function],
    "render": [Function],
  },
  "root": [Circular],
  "unrendered": <Maps
    addresses={
      Array [
        Object {
          "address": "Achterweg 22",
          "city": "Limmen",
          "name": "Brouwerij Dampegheest",
          "open": Array [
            "Friday",
            "Saturday",
            "Sunday",
          ],
          "zipcode": "1906 AG",
        },
        Object {
          "address": "Weverij 5",
          "city": "Amstelveen",
          "name": "de naeckte brouwers",
          "open": Array [
            "Wednesday",
          ],
          "zipcode": "1185 ZE",
        },
      ]
    }
    lat={52.0552809}
    lng={4}
    ltn={52}
    zoom={7}
  />,
}
`;
